[PEX] Starting
[PEX] Trading 2 products: GPU Router
[PEX] Created FIFO /tmp/pe_exchange_0
[PEX] Created FIFO /tmp/pe_trader_0
[PEX] Starting trader 0 (tests/e2e/t_autotrader)
[PEX] Connected to /tmp/pe_exchange_0
[PEX] Connected to /tmp/pe_trader_0
[PEX] Created FIFO /tmp/pe_exchange_1
[PEX] Created FIFO /tmp/pe_trader_1
[PEX] Starting trader 1 (pe_trader)
[PEX] Connected to /tmp/pe_exchange_1
[PEX] Connected to /tmp/pe_trader_1
[PEX] [T0] Parsing command: <SELL 0 GPU 99 511>
[PEX]	--ORDERBOOK--
[PEX]	Product: GPU; Buy levels: 0; Sell levels: 1
[PEX]		SELL 99 @ $511 (1 order)
[PEX]	Product: Router; Buy levels: 0; Sell levels: 0
[PEX]	--POSITIONS--
[PEX]	Trader 0: GPU 0 ($0), Router 0 ($0)
[PEX]	Trader 1: GPU 0 ($0), Router 0 ($0)
[PEX] [T1] Parsing command: <BUY 0 GPU 99 511>
[PEX] Match: Order 0 [T0], New Order 0 [T1], value: $50589, fee: $506.
[PEX]	--ORDERBOOK--
[PEX]	Product: GPU; Buy levels: 0; Sell levels: 0
[PEX]	Product: Router; Buy levels: 0; Sell levels: 0
[PEX]	--POSITIONS--
[PEX]	Trader 0: GPU -99 ($50589), Router 0 ($0)
[PEX]	Trader 1: GPU 99 ($-51095), Router 0 ($0)
[PEX] [T0] Parsing command: <SELL 1 GPU 99 402>
[PEX]	--ORDERBOOK--
[PEX]	Product: GPU; Buy levels: 0; Sell levels: 1
[PEX]		SELL 99 @ $402 (1 order)
[PEX]	Product: Router; Buy levels: 0; Sell levels: 0
[PEX]	--POSITIONS--
[PEX]	Trader 0: GPU -99 ($50589), Router 0 ($0)
[PEX]	Trader 1: GPU 99 ($-51095), Router 0 ($0)
[PEX] [T1] Parsing command: <BUY 1 GPU 99 402>
[PEX] Match: Order 1 [T0], New Order 1 [T1], value: $39798, fee: $398.
[PEX]	--ORDERBOOK--
[PEX]	Product: GPU; Buy levels: 0; Sell levels: 0
[PEX]	Product: Router; Buy levels: 0; Sell levels: 0
[PEX]	--POSITIONS--
[PEX]	Trader 0: GPU -198 ($90387), Router 0 ($0)
[PEX]	Trader 1: GPU 198 ($-91291), Router 0 ($0)
[PEX] [T0] Parsing command: <SELL 2 GPU 1005 5003>
[PEX]	--ORDERBOOK--
[PEX]	Product: GPU; Buy levels: 0; Sell levels: 1
[PEX]		SELL 1005 @ $5003 (1 order)
[PEX]	Product: Router; Buy levels: 0; Sell levels: 0
[PEX]	--POSITIONS--
[PEX]	Trader 0: GPU -198 ($90387), Router 0 ($0)
[PEX]	Trader 1: GPU 198 ($-91291), Router 0 ($0)
[PEX] Trader 1 disconnected
[PEX] Trader 0 disconnected
[PEX] Trading completed
[PEX] Exchange fees collected: $904
