[PEX] Starting
[PEX] Trading 2 products: GPU Router
[PEX] Created FIFO /tmp/pe_exchange_0
[PEX] Created FIFO /tmp/pe_trader_0
[PEX] Starting trader 0 (tests/e2e/t_basic0)
[PEX] Connected to /tmp/pe_exchange_0
[PEX] Connected to /tmp/pe_trader_0
[PEX] Created FIFO /tmp/pe_exchange_1
[PEX] Created FIFO /tmp/pe_trader_1
[PEX] Starting trader 1 (tests/e2e/t_basic1)
[PEX] Connected to /tmp/pe_exchange_1
[PEX] Connected to /tmp/pe_trader_1
[PEX] [T0] Parsing command: <BUY 0 GPU 30 500>
[PEX]	--ORDERBOOK--
[PEX]	Product: GPU; Buy levels: 1; Sell levels: 0
[PEX]		BUY 30 @ $500 (1 order)
[PEX]	Product: Router; Buy levels: 0; Sell levels: 0
[PEX]	--POSITIONS--
[PEX]	Trader 0: GPU 0 ($0), Router 0 ($0)
[PEX]	Trader 1: GPU 0 ($0), Router 0 ($0)
[PEX] [T1] Parsing command: <SELL 0 GPU 1000 300>
[PEX] Match: Order 0 [T0], New Order 0 [T1], value: $15000, fee: $150.
[PEX]	--ORDERBOOK--
[PEX]	Product: GPU; Buy levels: 0; Sell levels: 1
[PEX]		SELL 970 @ $300 (1 order)
[PEX]	Product: Router; Buy levels: 0; Sell levels: 0
[PEX]	--POSITIONS--
[PEX]	Trader 0: GPU 30 ($-15000), Router 0 ($0)
[PEX]	Trader 1: GPU -30 ($14850), Router 0 ($0)
[PEX] Trader 0 disconnected
[PEX] Trader 1 disconnected
[PEX] Trading completed
[PEX] Exchange fees collected: $150
